[0.112s] DEBUG:colcon:Command line arguments: ['/usr/bin/colcon', 'build', '--packages-select', 'so101_moveit_config']
[0.112s] DEBUG:colcon:Parsed command line arguments: Namespace(log_base=None, log_level=None, verb_name='build', build_base='build', install_base='install', merge_install=False, symlink_install=False, test_result_base=None, continue_on_error=False, executor='parallel', parallel_workers=8, event_handlers=None, ignore_user_meta=False, metas=['./colcon.meta'], base_paths=['.'], packages_ignore=None, packages_ignore_regex=None, paths=None, packages_up_to=None, packages_up_to_regex=None, packages_above=None, packages_above_and_dependencies=None, packages_above_depth=None, packages_select_by_dep=None, packages_skip_by_dep=None, packages_skip_up_to=None, packages_select_build_failed=False, packages_skip_build_finished=False, packages_select_test_failures=False, packages_skip_test_passed=False, packages_select=['so101_moveit_config'], packages_skip=None, packages_select_regex=None, packages_skip_regex=None, packages_start=None, packages_end=None, cmake_args=None, cmake_target=None, cmake_target_skip_unavailable=False, cmake_clean_cache=False, cmake_clean_first=False, cmake_force_configure=False, ament_cmake_args=None, catkin_cmake_args=None, catkin_skip_building_tests=False, mixin_files=None, mixin=None, verb_parser=<colcon_mixin.mixin.mixin_argument.MixinArgumentDecorator object at 0x7b80b2bcb080>, verb_extension=<colcon_core.verb.build.BuildVerb object at 0x7b80b2d374a0>, main=<bound method BuildVerb.main of <colcon_core.verb.build.BuildVerb object at 0x7b80b2d374a0>>, mixin_verb=('build',))
[0.149s] Level 1:colcon.colcon_core.package_discovery:discover_packages(colcon_meta) check parameters
[0.150s] INFO:colcon.colcon_metadata.package_discovery.colcon_meta:Using configuration from '/root/.colcon/metadata/default/Gazebo.meta'
[0.150s] INFO:colcon.colcon_metadata.package_discovery.colcon_meta:Using configuration from '/root/.colcon/metadata/default/fastdds.meta'
[0.151s] INFO:colcon.colcon_metadata.package_discovery.colcon_meta:Using configuration from '/root/.colcon/metadata/default/fastrtps.meta'
[0.151s] Level 1:colcon.colcon_core.package_discovery:discover_packages(recursive) check parameters
[0.151s] Level 1:colcon.colcon_core.package_discovery:discover_packages(ignore) check parameters
[0.151s] Level 1:colcon.colcon_core.package_discovery:discover_packages(path) check parameters
[0.151s] Level 1:colcon.colcon_core.package_discovery:discover_packages(colcon_meta) discover
[0.151s] Level 1:colcon.colcon_core.package_discovery:discover_packages(recursive) discover
[0.151s] INFO:colcon.colcon_core.package_discovery:Crawling recursively for packages in '/work/moveit_ws'
[0.151s] Level 1:colcon.colcon_core.package_identification:_identify(.) by extensions ['ignore', 'ignore_ament_install']
[0.151s] Level 1:colcon.colcon_core.package_identification:_identify(.) by extension 'ignore'
[0.151s] Level 1:colcon.colcon_core.package_identification:_identify(.) by extension 'ignore_ament_install'
[0.151s] Level 1:colcon.colcon_core.package_identification:_identify(.) by extensions ['colcon_pkg']
[0.151s] Level 1:colcon.colcon_core.package_identification:_identify(.) by extension 'colcon_pkg'
[0.151s] Level 1:colcon.colcon_core.package_identification:_identify(.) by extensions ['colcon_meta']
[0.152s] Level 1:colcon.colcon_core.package_identification:_identify(.) by extension 'colcon_meta'
[0.152s] Level 1:colcon.colcon_core.package_identification:_identify(.) by extensions ['ros']
[0.152s] Level 1:colcon.colcon_core.package_identification:_identify(.) by extension 'ros'
[0.176s] Level 1:colcon.colcon_core.package_identification:_identify(.) by extensions ['cmake', 'python']
[0.176s] Level 1:colcon.colcon_core.package_identification:_identify(.) by extension 'cmake'
[0.176s] Level 1:colcon.colcon_core.package_identification:_identify(.) by extension 'python'
[0.176s] Level 1:colcon.colcon_core.package_identification:_identify(.) by extensions ['python_setup_py']
[0.176s] Level 1:colcon.colcon_core.package_identification:_identify(.) by extension 'python_setup_py'
[0.176s] Level 1:colcon.colcon_core.package_identification:_identify(build) by extensions ['ignore', 'ignore_ament_install']
[0.176s] Level 1:colcon.colcon_core.package_identification:_identify(build) by extension 'ignore'
[0.176s] Level 1:colcon.colcon_core.package_identification:_identify(build) ignored
[0.176s] Level 1:colcon.colcon_core.package_identification:_identify(install) by extensions ['ignore', 'ignore_ament_install']
[0.177s] Level 1:colcon.colcon_core.package_identification:_identify(install) by extension 'ignore'
[0.177s] Level 1:colcon.colcon_core.package_identification:_identify(install) ignored
[0.177s] Level 1:colcon.colcon_core.package_identification:_identify(log) by extensions ['ignore', 'ignore_ament_install']
[0.177s] Level 1:colcon.colcon_core.package_identification:_identify(log) by extension 'ignore'
[0.177s] Level 1:colcon.colcon_core.package_identification:_identify(log) ignored
[0.177s] Level 1:colcon.colcon_core.package_identification:_identify(src) by extensions ['ignore', 'ignore_ament_install']
[0.177s] Level 1:colcon.colcon_core.package_identification:_identify(src) by extension 'ignore'
[0.177s] Level 1:colcon.colcon_core.package_identification:_identify(src) by extension 'ignore_ament_install'
[0.177s] Level 1:colcon.colcon_core.package_identification:_identify(src) by extensions ['colcon_pkg']
[0.177s] Level 1:colcon.colcon_core.package_identification:_identify(src) by extension 'colcon_pkg'
[0.177s] Level 1:colcon.colcon_core.package_identification:_identify(src) by extensions ['colcon_meta']
[0.177s] Level 1:colcon.colcon_core.package_identification:_identify(src) by extension 'colcon_meta'
[0.177s] Level 1:colcon.colcon_core.package_identification:_identify(src) by extensions ['ros']
[0.177s] Level 1:colcon.colcon_core.package_identification:_identify(src) by extension 'ros'
[0.177s] Level 1:colcon.colcon_core.package_identification:_identify(src) by extensions ['cmake', 'python']
[0.177s] Level 1:colcon.colcon_core.package_identification:_identify(src) by extension 'cmake'
[0.177s] Level 1:colcon.colcon_core.package_identification:_identify(src) by extension 'python'
[0.177s] Level 1:colcon.colcon_core.package_identification:_identify(src) by extensions ['python_setup_py']
[0.177s] Level 1:colcon.colcon_core.package_identification:_identify(src) by extension 'python_setup_py'
[0.178s] Level 1:colcon.colcon_core.package_identification:_identify(src/so101_description) by extensions ['ignore', 'ignore_ament_install']
[0.178s] Level 1:colcon.colcon_core.package_identification:_identify(src/so101_description) by extension 'ignore'
[0.178s] Level 1:colcon.colcon_core.package_identification:_identify(src/so101_description) by extension 'ignore_ament_install'
[0.178s] Level 1:colcon.colcon_core.package_identification:_identify(src/so101_description) by extensions ['colcon_pkg']
[0.178s] Level 1:colcon.colcon_core.package_identification:_identify(src/so101_description) by extension 'colcon_pkg'
[0.178s] Level 1:colcon.colcon_core.package_identification:_identify(src/so101_description) by extensions ['colcon_meta']
[0.178s] Level 1:colcon.colcon_core.package_identification:_identify(src/so101_description) by extension 'colcon_meta'
[0.178s] Level 1:colcon.colcon_core.package_identification:_identify(src/so101_description) by extensions ['ros']
[0.178s] Level 1:colcon.colcon_core.package_identification:_identify(src/so101_description) by extension 'ros'
[0.181s] DEBUG:colcon.colcon_core.package_identification:Package 'src/so101_description' with type 'ros.ament_cmake' and name 'so101_description'
[0.181s] Level 1:colcon.colcon_core.package_identification:_identify(src/so101_moveit_config) by extensions ['ignore', 'ignore_ament_install']
[0.181s] Level 1:colcon.colcon_core.package_identification:_identify(src/so101_moveit_config) by extension 'ignore'
[0.181s] Level 1:colcon.colcon_core.package_identification:_identify(src/so101_moveit_config) by extension 'ignore_ament_install'
[0.181s] Level 1:colcon.colcon_core.package_identification:_identify(src/so101_moveit_config) by extensions ['colcon_pkg']
[0.181s] Level 1:colcon.colcon_core.package_identification:_identify(src/so101_moveit_config) by extension 'colcon_pkg'
[0.181s] Level 1:colcon.colcon_core.package_identification:_identify(src/so101_moveit_config) by extensions ['colcon_meta']
[0.181s] Level 1:colcon.colcon_core.package_identification:_identify(src/so101_moveit_config) by extension 'colcon_meta'
[0.181s] Level 1:colcon.colcon_core.package_identification:_identify(src/so101_moveit_config) by extensions ['ros']
[0.181s] Level 1:colcon.colcon_core.package_identification:_identify(src/so101_moveit_config) by extension 'ros'
[0.182s] DEBUG:colcon.colcon_core.package_identification:Package 'src/so101_moveit_config' with type 'ros.ament_cmake' and name 'so101_moveit_config'
[0.182s] Level 1:colcon.colcon_core.package_identification:_identify(src/ur5e_moveit_config) by extensions ['ignore', 'ignore_ament_install']
[0.182s] Level 1:colcon.colcon_core.package_identification:_identify(src/ur5e_moveit_config) by extension 'ignore'
[0.182s] Level 1:colcon.colcon_core.package_identification:_identify(src/ur5e_moveit_config) by extension 'ignore_ament_install'
[0.182s] Level 1:colcon.colcon_core.package_identification:_identify(src/ur5e_moveit_config) by extensions ['colcon_pkg']
[0.182s] Level 1:colcon.colcon_core.package_identification:_identify(src/ur5e_moveit_config) by extension 'colcon_pkg'
[0.182s] Level 1:colcon.colcon_core.package_identification:_identify(src/ur5e_moveit_config) by extensions ['colcon_meta']
[0.182s] Level 1:colcon.colcon_core.package_identification:_identify(src/ur5e_moveit_config) by extension 'colcon_meta'
[0.182s] Level 1:colcon.colcon_core.package_identification:_identify(src/ur5e_moveit_config) by extensions ['ros']
[0.182s] Level 1:colcon.colcon_core.package_identification:_identify(src/ur5e_moveit_config) by extension 'ros'
[0.183s] DEBUG:colcon.colcon_core.package_identification:Package 'src/ur5e_moveit_config' with type 'ros.ament_cmake' and name 'ur5e_moveit_config'
[0.183s] Level 1:colcon.colcon_core.package_discovery:discover_packages(recursive) using defaults
[0.183s] Level 1:colcon.colcon_core.package_discovery:discover_packages(ignore) discover
[0.183s] Level 1:colcon.colcon_core.package_discovery:discover_packages(ignore) using defaults
[0.183s] Level 1:colcon.colcon_core.package_discovery:discover_packages(path) discover
[0.183s] Level 1:colcon.colcon_core.package_discovery:discover_packages(path) using defaults
[0.201s] INFO:colcon.colcon_core.package_selection:Skipping not selected package 'so101_description' in 'src/so101_description'
[0.201s] INFO:colcon.colcon_core.package_selection:Skipping not selected package 'ur5e_moveit_config' in 'src/ur5e_moveit_config'
[0.201s] Level 5:colcon.colcon_core.verb:set package 'so101_moveit_config' build argument 'cmake_args' from command line to 'None'
[0.202s] Level 5:colcon.colcon_core.verb:set package 'so101_moveit_config' build argument 'cmake_target' from command line to 'None'
[0.202s] Level 5:colcon.colcon_core.verb:set package 'so101_moveit_config' build argument 'cmake_target_skip_unavailable' from command line to 'False'
[0.202s] Level 5:colcon.colcon_core.verb:set package 'so101_moveit_config' build argument 'cmake_clean_cache' from command line to 'False'
[0.202s] Level 5:colcon.colcon_core.verb:set package 'so101_moveit_config' build argument 'cmake_clean_first' from command line to 'False'
[0.202s] Level 5:colcon.colcon_core.verb:set package 'so101_moveit_config' build argument 'cmake_force_configure' from command line to 'False'
[0.202s] Level 5:colcon.colcon_core.verb:set package 'so101_moveit_config' build argument 'ament_cmake_args' from command line to 'None'
[0.202s] Level 5:colcon.colcon_core.verb:set package 'so101_moveit_config' build argument 'catkin_cmake_args' from command line to 'None'
[0.202s] Level 5:colcon.colcon_core.verb:set package 'so101_moveit_config' build argument 'catkin_skip_building_tests' from command line to 'False'
[0.202s] DEBUG:colcon.colcon_core.verb:Building package 'so101_moveit_config' with the following arguments: {'ament_cmake_args': None, 'build_base': '/work/moveit_ws/build/so101_moveit_config', 'catkin_cmake_args': None, 'catkin_skip_building_tests': False, 'cmake_args': None, 'cmake_clean_cache': False, 'cmake_clean_first': False, 'cmake_force_configure': False, 'cmake_target': None, 'cmake_target_skip_unavailable': False, 'install_base': '/work/moveit_ws/install/so101_moveit_config', 'merge_install': False, 'path': '/work/moveit_ws/src/so101_moveit_config', 'symlink_install': False, 'test_result_base': None}
[0.202s] INFO:colcon.colcon_core.executor:Executing jobs using 'parallel' executor
[0.203s] DEBUG:colcon.colcon_parallel_executor.executor.parallel:run_until_complete
[0.203s] INFO:colcon.colcon_ros.task.ament_cmake.build:Building ROS package in '/work/moveit_ws/src/so101_moveit_config' with build type 'ament_cmake'
[0.203s] INFO:colcon.colcon_cmake.task.cmake.build:Building CMake package in '/work/moveit_ws/src/so101_moveit_config'
[0.206s] INFO:colcon.colcon_core.plugin_system:Skipping extension 'colcon_core.shell.bat': Not used on non-Windows systems
[0.206s] INFO:colcon.colcon_core.shell:Skip shell extension 'powershell' for command environment: Not usable outside of PowerShell
[0.206s] DEBUG:colcon.colcon_core.shell:Skip shell extension 'dsv' for command environment
[0.216s] DEBUG:colcon.colcon_core.event_handler.log_command:Invoking command in '/work/moveit_ws/build/so101_moveit_config': CMAKE_PREFIX_PATH=/work/moveit_ws/install/so101_description:/work/moveit_ws/install/so101_moveit_config:/work/moveit_ws/install/ur5e_moveit_config:/opt/ros/jazzy/opt/gz_sim_vendor:/opt/ros/jazzy/opt/gz_sensors_vendor:/opt/ros/jazzy/opt/gz_physics_vendor:/opt/ros/jazzy/opt/sdformat_vendor:/opt/ros/jazzy/opt/gz_gui_vendor:/opt/ros/jazzy/opt/gz_transport_vendor:/opt/ros/jazzy/opt/gz_rendering_vendor:/opt/ros/jazzy/opt/gz_plugin_vendor:/opt/ros/jazzy/opt/gz_fuel_tools_vendor:/opt/ros/jazzy/opt/gz_msgs_vendor:/opt/ros/jazzy/opt/gz_common_vendor:/opt/ros/jazzy/opt/gz_math_vendor:/opt/ros/jazzy/opt/gz_utils_vendor:/opt/ros/jazzy/opt/gz_tools_vendor:/opt/ros/jazzy/opt/gz_ogre_next_vendor:/opt/ros/jazzy/opt/gz_dartsim_vendor:/opt/ros/jazzy/opt/gz_cmake_vendor:/opt/ros/jazzy /usr/bin/cmake --build /work/moveit_ws/build/so101_moveit_config -- -j8 -l8
[0.261s] DEBUG:colcon.colcon_core.event_handler.log_command:Invoked command in '/work/moveit_ws/build/so101_moveit_config' returned '0': CMAKE_PREFIX_PATH=/work/moveit_ws/install/so101_description:/work/moveit_ws/install/so101_moveit_config:/work/moveit_ws/install/ur5e_moveit_config:/opt/ros/jazzy/opt/gz_sim_vendor:/opt/ros/jazzy/opt/gz_sensors_vendor:/opt/ros/jazzy/opt/gz_physics_vendor:/opt/ros/jazzy/opt/sdformat_vendor:/opt/ros/jazzy/opt/gz_gui_vendor:/opt/ros/jazzy/opt/gz_transport_vendor:/opt/ros/jazzy/opt/gz_rendering_vendor:/opt/ros/jazzy/opt/gz_plugin_vendor:/opt/ros/jazzy/opt/gz_fuel_tools_vendor:/opt/ros/jazzy/opt/gz_msgs_vendor:/opt/ros/jazzy/opt/gz_common_vendor:/opt/ros/jazzy/opt/gz_math_vendor:/opt/ros/jazzy/opt/gz_utils_vendor:/opt/ros/jazzy/opt/gz_tools_vendor:/opt/ros/jazzy/opt/gz_ogre_next_vendor:/opt/ros/jazzy/opt/gz_dartsim_vendor:/opt/ros/jazzy/opt/gz_cmake_vendor:/opt/ros/jazzy /usr/bin/cmake --build /work/moveit_ws/build/so101_moveit_config -- -j8 -l8
[0.272s] DEBUG:colcon.colcon_core.event_handler.log_command:Invoking command in '/work/moveit_ws/build/so101_moveit_config': CMAKE_PREFIX_PATH=/work/moveit_ws/install/so101_description:/work/moveit_ws/install/so101_moveit_config:/work/moveit_ws/install/ur5e_moveit_config:/opt/ros/jazzy/opt/gz_sim_vendor:/opt/ros/jazzy/opt/gz_sensors_vendor:/opt/ros/jazzy/opt/gz_physics_vendor:/opt/ros/jazzy/opt/sdformat_vendor:/opt/ros/jazzy/opt/gz_gui_vendor:/opt/ros/jazzy/opt/gz_transport_vendor:/opt/ros/jazzy/opt/gz_rendering_vendor:/opt/ros/jazzy/opt/gz_plugin_vendor:/opt/ros/jazzy/opt/gz_fuel_tools_vendor:/opt/ros/jazzy/opt/gz_msgs_vendor:/opt/ros/jazzy/opt/gz_common_vendor:/opt/ros/jazzy/opt/gz_math_vendor:/opt/ros/jazzy/opt/gz_utils_vendor:/opt/ros/jazzy/opt/gz_tools_vendor:/opt/ros/jazzy/opt/gz_ogre_next_vendor:/opt/ros/jazzy/opt/gz_dartsim_vendor:/opt/ros/jazzy/opt/gz_cmake_vendor:/opt/ros/jazzy /usr/bin/cmake --install /work/moveit_ws/build/so101_moveit_config
[0.284s] Level 1:colcon.colcon_core.environment:create_environment_scripts_only(so101_moveit_config)
[0.288s] DEBUG:colcon.colcon_core.event_handler.log_command:Invoked command in '/work/moveit_ws/build/so101_moveit_config' returned '0': CMAKE_PREFIX_PATH=/work/moveit_ws/install/so101_description:/work/moveit_ws/install/so101_moveit_config:/work/moveit_ws/install/ur5e_moveit_config:/opt/ros/jazzy/opt/gz_sim_vendor:/opt/ros/jazzy/opt/gz_sensors_vendor:/opt/ros/jazzy/opt/gz_physics_vendor:/opt/ros/jazzy/opt/sdformat_vendor:/opt/ros/jazzy/opt/gz_gui_vendor:/opt/ros/jazzy/opt/gz_transport_vendor:/opt/ros/jazzy/opt/gz_rendering_vendor:/opt/ros/jazzy/opt/gz_plugin_vendor:/opt/ros/jazzy/opt/gz_fuel_tools_vendor:/opt/ros/jazzy/opt/gz_msgs_vendor:/opt/ros/jazzy/opt/gz_common_vendor:/opt/ros/jazzy/opt/gz_math_vendor:/opt/ros/jazzy/opt/gz_utils_vendor:/opt/ros/jazzy/opt/gz_tools_vendor:/opt/ros/jazzy/opt/gz_ogre_next_vendor:/opt/ros/jazzy/opt/gz_dartsim_vendor:/opt/ros/jazzy/opt/gz_cmake_vendor:/opt/ros/jazzy /usr/bin/cmake --install /work/moveit_ws/build/so101_moveit_config
[0.289s] Level 1:colcon.colcon_core.environment:checking '/work/moveit_ws/install/so101_moveit_config' for CMake module files
[0.290s] Level 1:colcon.colcon_core.environment:checking '/work/moveit_ws/install/so101_moveit_config' for CMake config files
[0.290s] Level 1:colcon.colcon_core.shell:create_environment_hook('so101_moveit_config', 'cmake_prefix_path')
[0.290s] INFO:colcon.colcon_core.shell:Creating environment hook '/work/moveit_ws/install/so101_moveit_config/share/so101_moveit_config/hook/cmake_prefix_path.ps1'
[0.291s] INFO:colcon.colcon_core.shell:Creating environment descriptor '/work/moveit_ws/install/so101_moveit_config/share/so101_moveit_config/hook/cmake_prefix_path.dsv'
[0.291s] INFO:colcon.colcon_core.shell:Creating environment hook '/work/moveit_ws/install/so101_moveit_config/share/so101_moveit_config/hook/cmake_prefix_path.sh'
[0.292s] Level 1:colcon.colcon_core.environment:checking '/work/moveit_ws/install/so101_moveit_config/bin'
[0.292s] Level 1:colcon.colcon_core.environment:checking '/work/moveit_ws/install/so101_moveit_config/lib/pkgconfig/so101_moveit_config.pc'
[0.294s] Level 1:colcon.colcon_core.environment:checking '/work/moveit_ws/install/so101_moveit_config/lib/python3.12/site-packages'
[0.294s] Level 1:colcon.colcon_core.environment:checking '/work/moveit_ws/install/so101_moveit_config/bin'
[0.294s] INFO:colcon.colcon_core.shell:Creating package script '/work/moveit_ws/install/so101_moveit_config/share/so101_moveit_config/package.ps1'
[0.295s] INFO:colcon.colcon_core.shell:Creating package descriptor '/work/moveit_ws/install/so101_moveit_config/share/so101_moveit_config/package.dsv'
[0.296s] INFO:colcon.colcon_core.shell:Creating package script '/work/moveit_ws/install/so101_moveit_config/share/so101_moveit_config/package.sh'
[0.296s] INFO:colcon.colcon_core.shell:Creating package script '/work/moveit_ws/install/so101_moveit_config/share/so101_moveit_config/package.bash'
[0.297s] INFO:colcon.colcon_core.shell:Creating package script '/work/moveit_ws/install/so101_moveit_config/share/so101_moveit_config/package.zsh'
[0.297s] Level 1:colcon.colcon_core.environment:create_file_with_runtime_dependencies(/work/moveit_ws/install/so101_moveit_config/share/colcon-core/packages/so101_moveit_config)
[0.298s] Level 1:colcon.colcon_core.environment:create_environment_scripts_only(so101_moveit_config)
[0.298s] Level 1:colcon.colcon_core.environment:checking '/work/moveit_ws/install/so101_moveit_config' for CMake module files
[0.298s] Level 1:colcon.colcon_core.environment:checking '/work/moveit_ws/install/so101_moveit_config' for CMake config files
[0.298s] Level 1:colcon.colcon_core.shell:create_environment_hook('so101_moveit_config', 'cmake_prefix_path')
[0.299s] INFO:colcon.colcon_core.shell:Creating environment hook '/work/moveit_ws/install/so101_moveit_config/share/so101_moveit_config/hook/cmake_prefix_path.ps1'
[0.299s] INFO:colcon.colcon_core.shell:Creating environment descriptor '/work/moveit_ws/install/so101_moveit_config/share/so101_moveit_config/hook/cmake_prefix_path.dsv'
[0.299s] INFO:colcon.colcon_core.shell:Creating environment hook '/work/moveit_ws/install/so101_moveit_config/share/so101_moveit_config/hook/cmake_prefix_path.sh'
[0.300s] Level 1:colcon.colcon_core.environment:checking '/work/moveit_ws/install/so101_moveit_config/bin'
[0.300s] Level 1:colcon.colcon_core.environment:checking '/work/moveit_ws/install/so101_moveit_config/lib/pkgconfig/so101_moveit_config.pc'
[0.300s] Level 1:colcon.colcon_core.environment:checking '/work/moveit_ws/install/so101_moveit_config/lib/python3.12/site-packages'
[0.300s] Level 1:colcon.colcon_core.environment:checking '/work/moveit_ws/install/so101_moveit_config/bin'
[0.301s] INFO:colcon.colcon_core.shell:Creating package script '/work/moveit_ws/install/so101_moveit_config/share/so101_moveit_config/package.ps1'
[0.301s] INFO:colcon.colcon_core.shell:Creating package descriptor '/work/moveit_ws/install/so101_moveit_config/share/so101_moveit_config/package.dsv'
[0.302s] INFO:colcon.colcon_core.shell:Creating package script '/work/moveit_ws/install/so101_moveit_config/share/so101_moveit_config/package.sh'
[0.302s] INFO:colcon.colcon_core.shell:Creating package script '/work/moveit_ws/install/so101_moveit_config/share/so101_moveit_config/package.bash'
[0.303s] INFO:colcon.colcon_core.shell:Creating package script '/work/moveit_ws/install/so101_moveit_config/share/so101_moveit_config/package.zsh'
[0.304s] Level 1:colcon.colcon_core.environment:create_file_with_runtime_dependencies(/work/moveit_ws/install/so101_moveit_config/share/colcon-core/packages/so101_moveit_config)
[0.304s] DEBUG:colcon.colcon_parallel_executor.executor.parallel:closing loop
[0.304s] DEBUG:colcon.colcon_parallel_executor.executor.parallel:loop closed
[0.304s] DEBUG:colcon.colcon_parallel_executor.executor.parallel:run_until_complete finished with '0'
[0.304s] DEBUG:colcon.colcon_core.event_reactor:joining thread
[0.310s] INFO:colcon.colcon_core.plugin_system:Skipping extension 'colcon_notification.desktop_notification.notify_send': Could not find 'notify-send'
[0.310s] INFO:colcon.colcon_core.plugin_system:Skipping extension 'colcon_notification.desktop_notification.terminal_notifier': Not used on non-Darwin systems
[0.310s] INFO:colcon.colcon_core.plugin_system:Skipping extension 'colcon_notification.desktop_notification.win32': Not used on non-Windows systems
[0.311s] INFO:colcon.colcon_notification.desktop_notification:Sending desktop notification using 'notify2'
[0.311s] DEBUG:colcon.colcon_notification.desktop_notification.notify2:Failed to initialize notify2: org.freedesktop.DBus.Error.InvalidFileContent: D-Bus library appears to be incorrectly set up: see the manual page for dbus-uuidgen to correct this issue. (Failed to open "/var/lib/dbus/machine-id": No such file or directory; UUID file '/etc/machine-id' should contain a hex string of length 32, not length 0, with no other text)
[0.311s] DEBUG:colcon.colcon_core.event_reactor:joined thread
[0.311s] INFO:colcon.colcon_core.shell:Creating prefix script '/work/moveit_ws/install/local_setup.ps1'
[0.312s] INFO:colcon.colcon_core.shell:Creating prefix util module '/work/moveit_ws/install/_local_setup_util_ps1.py'
[0.313s] INFO:colcon.colcon_core.shell:Creating prefix chain script '/work/moveit_ws/install/setup.ps1'
[0.314s] INFO:colcon.colcon_core.shell:Creating prefix script '/work/moveit_ws/install/local_setup.sh'
[0.315s] INFO:colcon.colcon_core.shell:Creating prefix util module '/work/moveit_ws/install/_local_setup_util_sh.py'
[0.315s] INFO:colcon.colcon_core.shell:Creating prefix chain script '/work/moveit_ws/install/setup.sh'
[0.316s] INFO:colcon.colcon_core.shell:Creating prefix script '/work/moveit_ws/install/local_setup.bash'
[0.316s] INFO:colcon.colcon_core.shell:Creating prefix chain script '/work/moveit_ws/install/setup.bash'
[0.318s] INFO:colcon.colcon_core.shell:Creating prefix script '/work/moveit_ws/install/local_setup.zsh'
[0.319s] INFO:colcon.colcon_core.shell:Creating prefix chain script '/work/moveit_ws/install/setup.zsh'
