[0.012s] Invoking command in '/work/moveit_ws/build/so101_moveit_config': CMAKE_PREFIX_PATH=/work/moveit_ws/install/so101_description:/work/moveit_ws/install/so101_moveit_config:/work/moveit_ws/install/ur5e_moveit_config:/opt/ros/jazzy/opt/gz_sim_vendor:/opt/ros/jazzy/opt/gz_sensors_vendor:/opt/ros/jazzy/opt/gz_physics_vendor:/opt/ros/jazzy/opt/sdformat_vendor:/opt/ros/jazzy/opt/gz_gui_vendor:/opt/ros/jazzy/opt/gz_transport_vendor:/opt/ros/jazzy/opt/gz_rendering_vendor:/opt/ros/jazzy/opt/gz_plugin_vendor:/opt/ros/jazzy/opt/gz_fuel_tools_vendor:/opt/ros/jazzy/opt/gz_msgs_vendor:/opt/ros/jazzy/opt/gz_common_vendor:/opt/ros/jazzy/opt/gz_math_vendor:/opt/ros/jazzy/opt/gz_utils_vendor:/opt/ros/jazzy/opt/gz_tools_vendor:/opt/ros/jazzy/opt/gz_ogre_next_vendor:/opt/ros/jazzy/opt/gz_dartsim_vendor:/opt/ros/jazzy/opt/gz_cmake_vendor:/opt/ros/jazzy /usr/bin/cmake --build /work/moveit_ws/build/so101_moveit_config -- -j8 -l8
[0.057s] Invoked command in '/work/moveit_ws/build/so101_moveit_config' returned '0': CMAKE_PREFIX_PATH=/work/moveit_ws/install/so101_description:/work/moveit_ws/install/so101_moveit_config:/work/moveit_ws/install/ur5e_moveit_config:/opt/ros/jazzy/opt/gz_sim_vendor:/opt/ros/jazzy/opt/gz_sensors_vendor:/opt/ros/jazzy/opt/gz_physics_vendor:/opt/ros/jazzy/opt/sdformat_vendor:/opt/ros/jazzy/opt/gz_gui_vendor:/opt/ros/jazzy/opt/gz_transport_vendor:/opt/ros/jazzy/opt/gz_rendering_vendor:/opt/ros/jazzy/opt/gz_plugin_vendor:/opt/ros/jazzy/opt/gz_fuel_tools_vendor:/opt/ros/jazzy/opt/gz_msgs_vendor:/opt/ros/jazzy/opt/gz_common_vendor:/opt/ros/jazzy/opt/gz_math_vendor:/opt/ros/jazzy/opt/gz_utils_vendor:/opt/ros/jazzy/opt/gz_tools_vendor:/opt/ros/jazzy/opt/gz_ogre_next_vendor:/opt/ros/jazzy/opt/gz_dartsim_vendor:/opt/ros/jazzy/opt/gz_cmake_vendor:/opt/ros/jazzy /usr/bin/cmake --build /work/moveit_ws/build/so101_moveit_config -- -j8 -l8
[0.069s] Invoking command in '/work/moveit_ws/build/so101_moveit_config': CMAKE_PREFIX_PATH=/work/moveit_ws/install/so101_description:/work/moveit_ws/install/so101_moveit_config:/work/moveit_ws/install/ur5e_moveit_config:/opt/ros/jazzy/opt/gz_sim_vendor:/opt/ros/jazzy/opt/gz_sensors_vendor:/opt/ros/jazzy/opt/gz_physics_vendor:/opt/ros/jazzy/opt/sdformat_vendor:/opt/ros/jazzy/opt/gz_gui_vendor:/opt/ros/jazzy/opt/gz_transport_vendor:/opt/ros/jazzy/opt/gz_rendering_vendor:/opt/ros/jazzy/opt/gz_plugin_vendor:/opt/ros/jazzy/opt/gz_fuel_tools_vendor:/opt/ros/jazzy/opt/gz_msgs_vendor:/opt/ros/jazzy/opt/gz_common_vendor:/opt/ros/jazzy/opt/gz_math_vendor:/opt/ros/jazzy/opt/gz_utils_vendor:/opt/ros/jazzy/opt/gz_tools_vendor:/opt/ros/jazzy/opt/gz_ogre_next_vendor:/opt/ros/jazzy/opt/gz_dartsim_vendor:/opt/ros/jazzy/opt/gz_cmake_vendor:/opt/ros/jazzy /usr/bin/cmake --install /work/moveit_ws/build/so101_moveit_config
[0.078s] -- Install configuration: ""
[0.078s] -- Up-to-date: /work/moveit_ws/install/so101_moveit_config/share/ament_index/resource_index/package_run_dependencies/so101_moveit_config
[0.078s] -- Up-to-date: /work/moveit_ws/install/so101_moveit_config/share/ament_index/resource_index/parent_prefix_path/so101_moveit_config
[0.078s] -- Up-to-date: /work/moveit_ws/install/so101_moveit_config/share/so101_moveit_config/environment/ament_prefix_path.sh
[0.079s] -- Up-to-date: /work/moveit_ws/install/so101_moveit_config/share/so101_moveit_config/environment/ament_prefix_path.dsv
[0.079s] -- Up-to-date: /work/moveit_ws/install/so101_moveit_config/share/so101_moveit_config/environment/path.sh
[0.079s] -- Up-to-date: /work/moveit_ws/install/so101_moveit_config/share/so101_moveit_config/environment/path.dsv
[0.079s] -- Up-to-date: /work/moveit_ws/install/so101_moveit_config/share/so101_moveit_config/local_setup.bash
[0.079s] -- Up-to-date: /work/moveit_ws/install/so101_moveit_config/share/so101_moveit_config/local_setup.sh
[0.080s] -- Up-to-date: /work/moveit_ws/install/so101_moveit_config/share/so101_moveit_config/local_setup.zsh
[0.080s] -- Up-to-date: /work/moveit_ws/install/so101_moveit_config/share/so101_moveit_config/local_setup.dsv
[0.080s] -- Up-to-date: /work/moveit_ws/install/so101_moveit_config/share/so101_moveit_config/package.dsv
[0.080s] -- Up-to-date: /work/moveit_ws/install/so101_moveit_config/share/ament_index/resource_index/packages/so101_moveit_config
[0.080s] -- Up-to-date: /work/moveit_ws/install/so101_moveit_config/share/so101_moveit_config/cmake/so101_moveit_configConfig.cmake
[0.080s] -- Up-to-date: /work/moveit_ws/install/so101_moveit_config/share/so101_moveit_config/cmake/so101_moveit_configConfig-version.cmake
[0.080s] -- Up-to-date: /work/moveit_ws/install/so101_moveit_config/share/so101_moveit_config/package.xml
[0.081s] -- Up-to-date: /work/moveit_ws/install/so101_moveit_config/share/so101_moveit_config/launch
[0.081s] -- Up-to-date: /work/moveit_ws/install/so101_moveit_config/share/so101_moveit_config/launch/demo.launch.py
[0.081s] -- Up-to-date: /work/moveit_ws/install/so101_moveit_config/share/so101_moveit_config/launch/warehouse_db.launch.py
[0.081s] -- Up-to-date: /work/moveit_ws/install/so101_moveit_config/share/so101_moveit_config/launch/static_virtual_joint_tfs.launch.py
[0.082s] -- Up-to-date: /work/moveit_ws/install/so101_moveit_config/share/so101_moveit_config/launch/spawn_controllers.launch.py
[0.082s] -- Up-to-date: /work/moveit_ws/install/so101_moveit_config/share/so101_moveit_config/launch/setup_assistant.launch.py
[0.082s] -- Up-to-date: /work/moveit_ws/install/so101_moveit_config/share/so101_moveit_config/launch/moveit_rviz.launch.py
[0.082s] -- Up-to-date: /work/moveit_ws/install/so101_moveit_config/share/so101_moveit_config/launch/rsp.launch.py
[0.083s] -- Up-to-date: /work/moveit_ws/install/so101_moveit_config/share/so101_moveit_config/launch/move_group.launch.py
[0.083s] -- Up-to-date: /work/moveit_ws/install/so101_moveit_config/share/so101_moveit_config/config
[0.083s] -- Up-to-date: /work/moveit_ws/install/so101_moveit_config/share/so101_moveit_config/config/ros2_controllers.yaml
[0.083s] -- Up-to-date: /work/moveit_ws/install/so101_moveit_config/share/so101_moveit_config/config/pilz_cartesian_limits.yaml
[0.084s] -- Up-to-date: /work/moveit_ws/install/so101_moveit_config/share/so101_moveit_config/config/so101.ros2_control.xacro
[0.084s] -- Up-to-date: /work/moveit_ws/install/so101_moveit_config/share/so101_moveit_config/config/initial_positions.yaml
[0.084s] -- Up-to-date: /work/moveit_ws/install/so101_moveit_config/share/so101_moveit_config/config/kinematics.yaml
[0.084s] -- Up-to-date: /work/moveit_ws/install/so101_moveit_config/share/so101_moveit_config/config/so101.urdf.xacro
[0.084s] -- Up-to-date: /work/moveit_ws/install/so101_moveit_config/share/so101_moveit_config/config/joint_limits.yaml
[0.085s] -- Up-to-date: /work/moveit_ws/install/so101_moveit_config/share/so101_moveit_config/config/so101.srdf
[0.085s] -- Up-to-date: /work/moveit_ws/install/so101_moveit_config/share/so101_moveit_config/config/moveit.rviz
[0.085s] -- Up-to-date: /work/moveit_ws/install/so101_moveit_config/share/so101_moveit_config/config/moveit_controllers.yaml
[0.085s] -- Up-to-date: /work/moveit_ws/install/so101_moveit_config/share/so101_moveit_config/.setup_assistant
[0.085s] Invoked command in '/work/moveit_ws/build/so101_moveit_config' returned '0': CMAKE_PREFIX_PATH=/work/moveit_ws/install/so101_description:/work/moveit_ws/install/so101_moveit_config:/work/moveit_ws/install/ur5e_moveit_config:/opt/ros/jazzy/opt/gz_sim_vendor:/opt/ros/jazzy/opt/gz_sensors_vendor:/opt/ros/jazzy/opt/gz_physics_vendor:/opt/ros/jazzy/opt/sdformat_vendor:/opt/ros/jazzy/opt/gz_gui_vendor:/opt/ros/jazzy/opt/gz_transport_vendor:/opt/ros/jazzy/opt/gz_rendering_vendor:/opt/ros/jazzy/opt/gz_plugin_vendor:/opt/ros/jazzy/opt/gz_fuel_tools_vendor:/opt/ros/jazzy/opt/gz_msgs_vendor:/opt/ros/jazzy/opt/gz_common_vendor:/opt/ros/jazzy/opt/gz_math_vendor:/opt/ros/jazzy/opt/gz_utils_vendor:/opt/ros/jazzy/opt/gz_tools_vendor:/opt/ros/jazzy/opt/gz_ogre_next_vendor:/opt/ros/jazzy/opt/gz_dartsim_vendor:/opt/ros/jazzy/opt/gz_cmake_vendor:/opt/ros/jazzy /usr/bin/cmake --install /work/moveit_ws/build/so101_moveit_config
