[0.013s] Invoking command in '/work/moveit_ws/build/so101_moveit_config': CMAKE_PREFIX_PATH=${CMAKE_PREFIX_PATH}:/opt/ros/jazzy /usr/bin/cmake /work/moveit_ws/src/so101_moveit_config -DCMAKE_INSTALL_PREFIX=/work/moveit_ws/install/so101_moveit_config
[0.070s] -- The C compiler identification is GNU 13.3.0
[0.127s] -- The CXX compiler identification is GNU 13.3.0
[0.143s] -- Detecting C compiler ABI info
[0.234s] -- Detecting C compiler ABI info - done
[0.243s] -- Check for working C compiler: /usr/bin/cc - skipped
[0.243s] -- Detecting C compile features
[0.244s] -- Detecting C compile features - done
[0.253s] -- Detecting CXX compiler ABI info
[0.355s] -- Detecting CXX compiler ABI info - done
[0.365s] -- Check for working CXX compiler: /usr/bin/c++ - skipped
[0.365s] -- Detecting CXX compile features
[0.366s] -- Detecting CXX compile features - done
[0.372s] -- Found ament_cmake: 2.5.6 (/opt/ros/jazzy/share/ament_cmake/cmake)
[0.536s] -- Found Python3: /usr/bin/python3 (found version "3.12.3") found components: Interpreter 
[0.763s] -- Configuring done (0.7s)
[0.767s] -- Generating done (0.0s)
[0.770s] -- Build files have been written to: /work/moveit_ws/build/so101_moveit_config
[0.774s] Invoked command in '/work/moveit_ws/build/so101_moveit_config' returned '0': CMAKE_PREFIX_PATH=${CMAKE_PREFIX_PATH}:/opt/ros/jazzy /usr/bin/cmake /work/moveit_ws/src/so101_moveit_config -DCMAKE_INSTALL_PREFIX=/work/moveit_ws/install/so101_moveit_config
[0.776s] Invoking command in '/work/moveit_ws/build/so101_moveit_config': CMAKE_PREFIX_PATH=${CMAKE_PREFIX_PATH}:/opt/ros/jazzy /usr/bin/cmake --build /work/moveit_ws/build/so101_moveit_config -- -j8 -l8
[0.820s] Invoked command in '/work/moveit_ws/build/so101_moveit_config' returned '0': CMAKE_PREFIX_PATH=${CMAKE_PREFIX_PATH}:/opt/ros/jazzy /usr/bin/cmake --build /work/moveit_ws/build/so101_moveit_config -- -j8 -l8
[0.830s] Invoking command in '/work/moveit_ws/build/so101_moveit_config': CMAKE_PREFIX_PATH=${CMAKE_PREFIX_PATH}:/opt/ros/jazzy /usr/bin/cmake --install /work/moveit_ws/build/so101_moveit_config
[0.839s] -- Install configuration: ""
[0.839s] -- Installing: /work/moveit_ws/install/so101_moveit_config/share/ament_index/resource_index/package_run_dependencies/so101_moveit_config
[0.840s] -- Installing: /work/moveit_ws/install/so101_moveit_config/share/ament_index/resource_index/parent_prefix_path/so101_moveit_config
[0.840s] -- Installing: /work/moveit_ws/install/so101_moveit_config/share/so101_moveit_config/environment/ament_prefix_path.sh
[0.840s] -- Installing: /work/moveit_ws/install/so101_moveit_config/share/so101_moveit_config/environment/ament_prefix_path.dsv
[0.840s] -- Installing: /work/moveit_ws/install/so101_moveit_config/share/so101_moveit_config/environment/path.sh
[0.840s] -- Installing: /work/moveit_ws/install/so101_moveit_config/share/so101_moveit_config/environment/path.dsv
[0.840s] -- Installing: /work/moveit_ws/install/so101_moveit_config/share/so101_moveit_config/local_setup.bash
[0.841s] -- Installing: /work/moveit_ws/install/so101_moveit_config/share/so101_moveit_config/local_setup.sh
[0.841s] -- Installing: /work/moveit_ws/install/so101_moveit_config/share/so101_moveit_config/local_setup.zsh
[0.841s] -- Installing: /work/moveit_ws/install/so101_moveit_config/share/so101_moveit_config/local_setup.dsv
[0.841s] -- Installing: /work/moveit_ws/install/so101_moveit_config/share/so101_moveit_config/package.dsv
[0.841s] -- Installing: /work/moveit_ws/install/so101_moveit_config/share/ament_index/resource_index/packages/so101_moveit_config
[0.841s] -- Installing: /work/moveit_ws/install/so101_moveit_config/share/so101_moveit_config/cmake/so101_moveit_configConfig.cmake
[0.842s] -- Installing: /work/moveit_ws/install/so101_moveit_config/share/so101_moveit_config/cmake/so101_moveit_configConfig-version.cmake
[0.842s] -- Installing: /work/moveit_ws/install/so101_moveit_config/share/so101_moveit_config/package.xml
[0.842s] -- Installing: /work/moveit_ws/install/so101_moveit_config/share/so101_moveit_config/launch
[0.842s] -- Installing: /work/moveit_ws/install/so101_moveit_config/share/so101_moveit_config/launch/demo.launch.py
[0.842s] -- Installing: /work/moveit_ws/install/so101_moveit_config/share/so101_moveit_config/launch/warehouse_db.launch.py
[0.843s] -- Installing: /work/moveit_ws/install/so101_moveit_config/share/so101_moveit_config/launch/static_virtual_joint_tfs.launch.py
[0.843s] -- Installing: /work/moveit_ws/install/so101_moveit_config/share/so101_moveit_config/launch/spawn_controllers.launch.py
[0.843s] -- Installing: /work/moveit_ws/install/so101_moveit_config/share/so101_moveit_config/launch/setup_assistant.launch.py
[0.843s] -- Installing: /work/moveit_ws/install/so101_moveit_config/share/so101_moveit_config/launch/moveit_rviz.launch.py
[0.843s] -- Installing: /work/moveit_ws/install/so101_moveit_config/share/so101_moveit_config/launch/rsp.launch.py
[0.843s] -- Installing: /work/moveit_ws/install/so101_moveit_config/share/so101_moveit_config/launch/move_group.launch.py
[0.844s] -- Installing: /work/moveit_ws/install/so101_moveit_config/share/so101_moveit_config/config
[0.844s] -- Installing: /work/moveit_ws/install/so101_moveit_config/share/so101_moveit_config/config/ros2_controllers.yaml
[0.844s] -- Installing: /work/moveit_ws/install/so101_moveit_config/share/so101_moveit_config/config/pilz_cartesian_limits.yaml
[0.844s] -- Installing: /work/moveit_ws/install/so101_moveit_config/share/so101_moveit_config/config/so101.ros2_control.xacro
[0.844s] -- Installing: /work/moveit_ws/install/so101_moveit_config/share/so101_moveit_config/config/initial_positions.yaml
[0.844s] -- Installing: /work/moveit_ws/install/so101_moveit_config/share/so101_moveit_config/config/kinematics.yaml
[0.845s] -- Installing: /work/moveit_ws/install/so101_moveit_config/share/so101_moveit_config/config/so101.urdf.xacro
[0.845s] -- Installing: /work/moveit_ws/install/so101_moveit_config/share/so101_moveit_config/config/joint_limits.yaml
[0.845s] -- Installing: /work/moveit_ws/install/so101_moveit_config/share/so101_moveit_config/config/so101.srdf
[0.845s] -- Installing: /work/moveit_ws/install/so101_moveit_config/share/so101_moveit_config/config/moveit.rviz
[0.845s] -- Installing: /work/moveit_ws/install/so101_moveit_config/share/so101_moveit_config/config/moveit_controllers.yaml
[0.845s] -- Installing: /work/moveit_ws/install/so101_moveit_config/share/so101_moveit_config/.setup_assistant
[0.846s] Invoked command in '/work/moveit_ws/build/so101_moveit_config' returned '0': CMAKE_PREFIX_PATH=${CMAKE_PREFIX_PATH}:/opt/ros/jazzy /usr/bin/cmake --install /work/moveit_ws/build/so101_moveit_config
