[0.012s] Invoking command in '/work/moveit_ws/build/ur5e_moveit_config': /usr/bin/cmake /work/moveit_ws/src/ur5e_moveit_config -DCMAKE_INSTALL_PREFIX=/work/moveit_ws/install/ur5e_moveit_config
[0.068s] -- The C compiler identification is GNU 13.3.0
[0.125s] -- The CXX compiler identification is GNU 13.3.0
[0.141s] -- Detecting C compiler ABI info
[0.231s] -- Detecting C compiler ABI info - done
[0.240s] -- Check for working C compiler: /usr/bin/cc - skipped
[0.241s] -- Detecting C compile features
[0.241s] -- Detecting C compile features - done
[0.250s] -- Detecting CXX compiler ABI info
[0.353s] -- Detecting CXX compiler ABI info - done
[0.362s] -- Check for working CXX compiler: /usr/bin/c++ - skipped
[0.362s] -- Detecting CXX compile features
[0.363s] -- Detecting CXX compile features - done
[0.369s] -- Found ament_cmake: 2.5.6 (/opt/ros/jazzy/share/ament_cmake/cmake)
[0.524s] -- Found Python3: /usr/bin/python3 (found version "3.12.3") found components: Interpreter 
[0.725s] Error parsing '/work/moveit_ws/src/ur5e_moveit_config/package.xml':
[0.725s] Traceback (most recent call last):
[0.725s]   File "/opt/ros/jazzy/share/ament_cmake_core/cmake/core/package_xml_2_cmake.py", line 150, in <module>
[0.725s]     main()
[0.725s]   File "/opt/ros/jazzy/share/ament_cmake_core/cmake/core/package_xml_2_cmake.py", line 53, in main
[0.726s]     raise e
[0.726s]   File "/opt/ros/jazzy/share/ament_cmake_core/cmake/core/package_xml_2_cmake.py", line 49, in main
[0.726s]     package = parse_package_string(
[0.726s]               ^^^^^^^^^^^^^^^^^^^^^
[0.726s]   File "/usr/lib/python3/dist-packages/catkin_pkg/package.py", line 788, in parse_package_string
[0.726s]     pkg.validate(warnings=warnings)
[0.726s]   File "/usr/lib/python3/dist-packages/catkin_pkg/package.py", line 330, in validate
[0.726s]     raise InvalidPackage('\n'.join(errors), self.filename)
[0.726s] catkin_pkg.package.InvalidPackage: Error(s) in package '/work/moveit_ws/src/ur5e_moveit_config/package.xml':
[0.726s] Invalid email "" for person "SirGobta"
[0.726s] Maintainers must have an email address
[0.726s] Invalid email "" for person "SirGobta"
[0.737s] [31mCMake Error at /opt/ros/jazzy/share/ament_cmake_core/cmake/core/ament_package_xml.cmake:95 (message):
[0.738s]   execute_process(/usr/bin/python3
[0.738s]   /opt/ros/jazzy/share/ament_cmake_core/cmake/core/package_xml_2_cmake.py
[0.738s]   /work/moveit_ws/src/ur5e_moveit_config/package.xml
[0.738s]   /work/moveit_ws/build/ur5e_moveit_config/ament_cmake_core/package.cmake)
[0.738s]   returned error code 1
[0.738s] Call Stack (most recent call first):
[0.738s]   /opt/ros/jazzy/share/ament_cmake_core/cmake/core/ament_package_xml.cmake:49 (_ament_package_xml)
[0.739s]   /opt/ros/jazzy/share/ament_cmake_core/cmake/core/ament_package.cmake:63 (ament_package_xml)
[0.739s]   CMakeLists.txt:6 (ament_package)
[0.739s] 
[0.739s] [0m
[0.739s] -- Configuring incomplete, errors occurred!
[0.743s] Invoked command in '/work/moveit_ws/build/ur5e_moveit_config' returned '1': /usr/bin/cmake /work/moveit_ws/src/ur5e_moveit_config -DCMAKE_INSTALL_PREFIX=/work/moveit_ws/install/ur5e_moveit_config
