-- Install configuration: ""
-- Up-to-date: /work/moveit_ws/install/so101_description/share/so101_description/urdf
-- Installing: /work/moveit_ws/install/so101_description/share/so101_description/urdf/so101.urdf
-- Up-to-date: /work/moveit_ws/install/so101_description/share/so101_description/meshes
-- Installing: /work/moveit_ws/install/so101_description/share/so101_description/meshes/moving_jaw_so101_v1.stl
-- Installing: /work/moveit_ws/install/so101_description/share/so101_description/meshes/wrist_roll_follower_so101_camera_mount.stl
-- Installing: /work/moveit_ws/install/so101_description/share/so101_description/meshes/rotation_pitch_so101_v1.stl
-- Installing: /work/moveit_ws/install/so101_description/share/so101_description/meshes/moving_jaw_so101_gripper_part0_v1.stl
-- Up-to-date: /work/moveit_ws/install/so101_description/share/so101_description/meshes/collision
-- Installing: /work/moveit_ws/install/so101_description/share/so101_description/meshes/collision/gripper_link.stl
-- Installing: /work/moveit_ws/install/so101_description/share/so101_description/meshes/collision/moving_jaw_so101_v1_link.stl
-- Installing: /work/moveit_ws/install/so101_description/share/so101_description/meshes/collision/base_link.stl
-- Installing: /work/moveit_ws/install/so101_description/share/so101_description/meshes/collision/upper_arm_link.stl
-- Installing: /work/moveit_ws/install/so101_description/share/so101_description/meshes/collision/wrist_link.stl
-- Installing: /work/moveit_ws/install/so101_description/share/so101_description/meshes/collision/shoulder_link.stl
-- Installing: /work/moveit_ws/install/so101_description/share/so101_description/meshes/collision/lower_arm_link.stl
-- Installing: /work/moveit_ws/install/so101_description/share/so101_description/meshes/wrist_roll_follower_so101_gripper_part0_v1.stl
-- Installing: /work/moveit_ws/install/so101_description/share/so101_description/meshes/sts3215_03a_no_horn_v1.stl
-- Installing: /work/moveit_ws/install/so101_description/share/so101_description/meshes/base_motor_holder_so101_v1.stl
-- Installing: /work/moveit_ws/install/so101_description/share/so101_description/meshes/waveshare_mounting_plate_so101_v2.stl
-- Installing: /work/moveit_ws/install/so101_description/share/so101_description/meshes/upper_arm_so101_v1.stl
-- Installing: /work/moveit_ws/install/so101_description/share/so101_description/meshes/wrist_roll_follower_so101_gripper_v1.stl
-- Installing: /work/moveit_ws/install/so101_description/share/so101_description/meshes/motor_holder_so101_wrist_v1.stl
-- Installing: /work/moveit_ws/install/so101_description/share/so101_description/meshes/motor_holder_so101_base_v1.stl
-- Installing: /work/moveit_ws/install/so101_description/share/so101_description/meshes/wrist_roll_follower_so101_v1.stl
-- Installing: /work/moveit_ws/install/so101_description/share/so101_description/meshes/moving_jaw_so101_gripper_part1_v1.stl
-- Installing: /work/moveit_ws/install/so101_description/share/so101_description/meshes/under_arm_so101_v1.stl
-- Installing: /work/moveit_ws/install/so101_description/share/so101_description/meshes/sts3215_03a_v1.stl
-- Installing: /work/moveit_ws/install/so101_description/share/so101_description/meshes/moving_jaw_so101_gripper_v1.stl
-- Installing: /work/moveit_ws/install/so101_description/share/so101_description/meshes/wrist_roll_pitch_so101_v2.stl
-- Installing: /work/moveit_ws/install/so101_description/share/so101_description/meshes/base_so101_v2.stl
-- Up-to-date: /work/moveit_ws/install/so101_description/share/ament_index/resource_index/package_run_dependencies/so101_description
-- Up-to-date: /work/moveit_ws/install/so101_description/share/ament_index/resource_index/parent_prefix_path/so101_description
-- Up-to-date: /work/moveit_ws/install/so101_description/share/so101_description/environment/ament_prefix_path.sh
-- Up-to-date: /work/moveit_ws/install/so101_description/share/so101_description/environment/ament_prefix_path.dsv
-- Up-to-date: /work/moveit_ws/install/so101_description/share/so101_description/environment/path.sh
-- Up-to-date: /work/moveit_ws/install/so101_description/share/so101_description/environment/path.dsv
-- Up-to-date: /work/moveit_ws/install/so101_description/share/so101_description/local_setup.bash
-- Up-to-date: /work/moveit_ws/install/so101_description/share/so101_description/local_setup.sh
-- Up-to-date: /work/moveit_ws/install/so101_description/share/so101_description/local_setup.zsh
-- Up-to-date: /work/moveit_ws/install/so101_description/share/so101_description/local_setup.dsv
-- Up-to-date: /work/moveit_ws/install/so101_description/share/so101_description/package.dsv
-- Up-to-date: /work/moveit_ws/install/so101_description/share/ament_index/resource_index/packages/so101_description
-- Up-to-date: /work/moveit_ws/install/so101_description/share/so101_description/cmake/so101_descriptionConfig.cmake
-- Up-to-date: /work/moveit_ws/install/so101_description/share/so101_description/cmake/so101_descriptionConfig-version.cmake
-- Up-to-date: /work/moveit_ws/install/so101_description/share/so101_description/package.xml
