[0.014s] Invoking command in '/work/moveit_ws/build/so101_description': CMAKE_PREFIX_PATH=${CMAKE_PREFIX_PATH}:/opt/ros/jazzy /usr/bin/cmake --build /work/moveit_ws/build/so101_description -- -j8 -l8
[0.060s] Invoked command in '/work/moveit_ws/build/so101_description' returned '0': CMAKE_PREFIX_PATH=${CMAKE_PREFIX_PATH}:/opt/ros/jazzy /usr/bin/cmake --build /work/moveit_ws/build/so101_description -- -j8 -l8
[0.071s] Invoking command in '/work/moveit_ws/build/so101_description': CMAKE_PREFIX_PATH=${CMAKE_PREFIX_PATH}:/opt/ros/jazzy /usr/bin/cmake --install /work/moveit_ws/build/so101_description
[0.079s] -- Install configuration: ""
[0.080s] -- Up-to-date: /work/moveit_ws/install/so101_description/share/so101_description/urdf
[0.080s] -- Installing: /work/moveit_ws/install/so101_description/share/so101_description/urdf/so101.urdf
[0.080s] -- Up-to-date: /work/moveit_ws/install/so101_description/share/so101_description/meshes
[0.080s] -- Installing: /work/moveit_ws/install/so101_description/share/so101_description/meshes/moving_jaw_so101_v1.stl
[0.081s] -- Installing: /work/moveit_ws/install/so101_description/share/so101_description/meshes/wrist_roll_follower_so101_camera_mount.stl
[0.082s] -- Installing: /work/moveit_ws/install/so101_description/share/so101_description/meshes/rotation_pitch_so101_v1.stl
[0.083s] -- Installing: /work/moveit_ws/install/so101_description/share/so101_description/meshes/moving_jaw_so101_gripper_part0_v1.stl
[0.083s] -- Up-to-date: /work/moveit_ws/install/so101_description/share/so101_description/meshes/collision
[0.083s] -- Installing: /work/moveit_ws/install/so101_description/share/so101_description/meshes/collision/gripper_link.stl
[0.084s] -- Installing: /work/moveit_ws/install/so101_description/share/so101_description/meshes/collision/moving_jaw_so101_v1_link.stl
[0.084s] -- Installing: /work/moveit_ws/install/so101_description/share/so101_description/meshes/collision/base_link.stl
[0.084s] -- Installing: /work/moveit_ws/install/so101_description/share/so101_description/meshes/collision/upper_arm_link.stl
[0.085s] -- Installing: /work/moveit_ws/install/so101_description/share/so101_description/meshes/collision/wrist_link.stl
[0.085s] -- Installing: /work/moveit_ws/install/so101_description/share/so101_description/meshes/collision/shoulder_link.stl
[0.086s] -- Installing: /work/moveit_ws/install/so101_description/share/so101_description/meshes/collision/lower_arm_link.stl
[0.086s] -- Installing: /work/moveit_ws/install/so101_description/share/so101_description/meshes/wrist_roll_follower_so101_gripper_part0_v1.stl
[0.086s] -- Installing: /work/moveit_ws/install/so101_description/share/so101_description/meshes/sts3215_03a_no_horn_v1.stl
[0.087s] -- Installing: /work/moveit_ws/install/so101_description/share/so101_description/meshes/base_motor_holder_so101_v1.stl
[0.089s] -- Installing: /work/moveit_ws/install/so101_description/share/so101_description/meshes/waveshare_mounting_plate_so101_v2.stl
[0.090s] -- Installing: /work/moveit_ws/install/so101_description/share/so101_description/meshes/upper_arm_so101_v1.stl
[0.091s] -- Installing: /work/moveit_ws/install/so101_description/share/so101_description/meshes/wrist_roll_follower_so101_gripper_v1.stl
[0.092s] -- Installing: /work/moveit_ws/install/so101_description/share/so101_description/meshes/motor_holder_so101_wrist_v1.stl
[0.093s] -- Installing: /work/moveit_ws/install/so101_description/share/so101_description/meshes/motor_holder_so101_base_v1.stl
[0.094s] -- Installing: /work/moveit_ws/install/so101_description/share/so101_description/meshes/wrist_roll_follower_so101_v1.stl
[0.096s] -- Installing: /work/moveit_ws/install/so101_description/share/so101_description/meshes/moving_jaw_so101_gripper_part1_v1.stl
[0.096s] -- Installing: /work/moveit_ws/install/so101_description/share/so101_description/meshes/under_arm_so101_v1.stl
[0.098s] -- Installing: /work/moveit_ws/install/so101_description/share/so101_description/meshes/sts3215_03a_v1.stl
[0.099s] -- Installing: /work/moveit_ws/install/so101_description/share/so101_description/meshes/moving_jaw_so101_gripper_v1.stl
[0.100s] -- Installing: /work/moveit_ws/install/so101_description/share/so101_description/meshes/wrist_roll_pitch_so101_v2.stl
[0.103s] -- Installing: /work/moveit_ws/install/so101_description/share/so101_description/meshes/base_so101_v2.stl
[0.104s] -- Up-to-date: /work/moveit_ws/install/so101_description/share/ament_index/resource_index/package_run_dependencies/so101_description
[0.104s] -- Up-to-date: /work/moveit_ws/install/so101_description/share/ament_index/resource_index/parent_prefix_path/so101_description
[0.104s] -- Up-to-date: /work/moveit_ws/install/so101_description/share/so101_description/environment/ament_prefix_path.sh
[0.104s] -- Up-to-date: /work/moveit_ws/install/so101_description/share/so101_description/environment/ament_prefix_path.dsv
[0.104s] -- Up-to-date: /work/moveit_ws/install/so101_description/share/so101_description/environment/path.sh
[0.105s] -- Up-to-date: /work/moveit_ws/install/so101_description/share/so101_description/environment/path.dsv
[0.105s] -- Up-to-date: /work/moveit_ws/install/so101_description/share/so101_description/local_setup.bash
[0.105s] -- Up-to-date: /work/moveit_ws/install/so101_description/share/so101_description/local_setup.sh
[0.105s] -- Up-to-date: /work/moveit_ws/install/so101_description/share/so101_description/local_setup.zsh
[0.105s] -- Up-to-date: /work/moveit_ws/install/so101_description/share/so101_description/local_setup.dsv
[0.105s] -- Up-to-date: /work/moveit_ws/install/so101_description/share/so101_description/package.dsv
[0.105s] -- Up-to-date: /work/moveit_ws/install/so101_description/share/ament_index/resource_index/packages/so101_description
[0.106s] -- Up-to-date: /work/moveit_ws/install/so101_description/share/so101_description/cmake/so101_descriptionConfig.cmake
[0.106s] -- Up-to-date: /work/moveit_ws/install/so101_description/share/so101_description/cmake/so101_descriptionConfig-version.cmake
[0.106s] -- Up-to-date: /work/moveit_ws/install/so101_description/share/so101_description/package.xml
[0.107s] Invoked command in '/work/moveit_ws/build/so101_description' returned '0': CMAKE_PREFIX_PATH=${CMAKE_PREFIX_PATH}:/opt/ros/jazzy /usr/bin/cmake --install /work/moveit_ws/build/so101_description
