[0.016s] Invoking command in '/work/moveit_ws/build/so101_description': CMAKE_PREFIX_PATH=${CMAKE_PREFIX_PATH}:/opt/ros/jazzy /usr/bin/cmake /work/moveit_ws/src/so101_description -DCMAKE_INSTALL_PREFIX=/work/moveit_ws/install/so101_description
[0.075s] -- The C compiler identification is GNU 13.3.0
[0.134s] -- The CXX compiler identification is GNU 13.3.0
[0.152s] -- Detecting C compiler ABI info
[0.251s] -- Detecting C compiler ABI info - done
[0.260s] -- Check for working C compiler: /usr/bin/cc - skipped
[0.260s] -- Detecting C compile features
[0.261s] -- Detecting C compile features - done
[0.271s] -- Detecting CXX compiler ABI info
[0.376s] -- Detecting CXX compiler ABI info - done
[0.386s] -- Check for working CXX compiler: /usr/bin/c++ - skipped
[0.386s] -- Detecting CXX compile features
[0.387s] -- Detecting CXX compile features - done
[0.417s] -- Found ament_cmake: 2.5.6 (/opt/ros/jazzy/share/ament_cmake/cmake)
[0.588s] -- Found Python3: /usr/bin/python3 (found version "3.12.3") found components: Interpreter 
[0.741s] -- Found ament_lint_auto: 0.17.5 (/opt/ros/jazzy/share/ament_lint_auto/cmake)
[0.889s] -- Added test 'lint_cmake' to check CMake code style
[0.894s] -- Added test 'xmllint' to check XML markup files
[0.898s] -- Configuring done (0.9s)
[0.902s] -- Generating done (0.0s)
[0.904s] -- Build files have been written to: /work/moveit_ws/build/so101_description
[0.910s] Invoked command in '/work/moveit_ws/build/so101_description' returned '0': CMAKE_PREFIX_PATH=${CMAKE_PREFIX_PATH}:/opt/ros/jazzy /usr/bin/cmake /work/moveit_ws/src/so101_description -DCMAKE_INSTALL_PREFIX=/work/moveit_ws/install/so101_description
[0.911s] Invoking command in '/work/moveit_ws/build/so101_description': CMAKE_PREFIX_PATH=${CMAKE_PREFIX_PATH}:/opt/ros/jazzy /usr/bin/cmake --build /work/moveit_ws/build/so101_description -- -j8 -l8
[0.954s] Invoked command in '/work/moveit_ws/build/so101_description' returned '0': CMAKE_PREFIX_PATH=${CMAKE_PREFIX_PATH}:/opt/ros/jazzy /usr/bin/cmake --build /work/moveit_ws/build/so101_description -- -j8 -l8
[0.964s] Invoking command in '/work/moveit_ws/build/so101_description': CMAKE_PREFIX_PATH=${CMAKE_PREFIX_PATH}:/opt/ros/jazzy /usr/bin/cmake --install /work/moveit_ws/build/so101_description
[0.974s] -- Install configuration: ""
[0.974s] -- Installing: /work/moveit_ws/install/so101_description/share/so101_description/urdf
[0.974s] -- Installing: /work/moveit_ws/install/so101_description/share/so101_description/urdf/so101.urdf
[0.974s] -- Installing: /work/moveit_ws/install/so101_description/share/so101_description/meshes
[0.974s] -- Installing: /work/moveit_ws/install/so101_description/share/so101_description/meshes/moving_jaw_so101_v1.stl
[0.975s] -- Installing: /work/moveit_ws/install/so101_description/share/so101_description/meshes/wrist_roll_follower_so101_camera_mount.stl
[0.976s] -- Installing: /work/moveit_ws/install/so101_description/share/so101_description/meshes/rotation_pitch_so101_v1.stl
[0.977s] -- Installing: /work/moveit_ws/install/so101_description/share/so101_description/meshes/moving_jaw_so101_gripper_part0_v1.stl
[0.977s] -- Installing: /work/moveit_ws/install/so101_description/share/so101_description/meshes/collision
[0.977s] -- Installing: /work/moveit_ws/install/so101_description/share/so101_description/meshes/collision/gripper_link.stl
[0.977s] -- Installing: /work/moveit_ws/install/so101_description/share/so101_description/meshes/collision/moving_jaw_so101_v1_link.stl
[0.978s] -- Installing: /work/moveit_ws/install/so101_description/share/so101_description/meshes/collision/base_link.stl
[0.978s] -- Installing: /work/moveit_ws/install/so101_description/share/so101_description/meshes/collision/upper_arm_link.stl
[0.978s] -- Installing: /work/moveit_ws/install/so101_description/share/so101_description/meshes/collision/wrist_link.stl
[0.979s] -- Installing: /work/moveit_ws/install/so101_description/share/so101_description/meshes/collision/shoulder_link.stl
[0.979s] -- Installing: /work/moveit_ws/install/so101_description/share/so101_description/meshes/collision/lower_arm_link.stl
[0.979s] -- Installing: /work/moveit_ws/install/so101_description/share/so101_description/meshes/wrist_roll_follower_so101_gripper_part0_v1.stl
[0.980s] -- Installing: /work/moveit_ws/install/so101_description/share/so101_description/meshes/sts3215_03a_no_horn_v1.stl
[0.981s] -- Installing: /work/moveit_ws/install/so101_description/share/so101_description/meshes/base_motor_holder_so101_v1.stl
[0.982s] -- Installing: /work/moveit_ws/install/so101_description/share/so101_description/meshes/waveshare_mounting_plate_so101_v2.stl
[0.982s] -- Installing: /work/moveit_ws/install/so101_description/share/so101_description/meshes/upper_arm_so101_v1.stl
[0.983s] -- Installing: /work/moveit_ws/install/so101_description/share/so101_description/meshes/wrist_roll_follower_so101_gripper_v1.stl
[0.984s] -- Installing: /work/moveit_ws/install/so101_description/share/so101_description/meshes/motor_holder_so101_wrist_v1.stl
[0.985s] -- Installing: /work/moveit_ws/install/so101_description/share/so101_description/meshes/motor_holder_so101_base_v1.stl
[0.986s] -- Installing: /work/moveit_ws/install/so101_description/share/so101_description/meshes/wrist_roll_follower_so101_v1.stl
[0.988s] -- Installing: /work/moveit_ws/install/so101_description/share/so101_description/meshes/moving_jaw_so101_gripper_part1_v1.stl
[0.988s] -- Installing: /work/moveit_ws/install/so101_description/share/so101_description/meshes/under_arm_so101_v1.stl
[0.990s] -- Installing: /work/moveit_ws/install/so101_description/share/so101_description/meshes/sts3215_03a_v1.stl
[0.991s] -- Installing: /work/moveit_ws/install/so101_description/share/so101_description/meshes/moving_jaw_so101_gripper_v1.stl
[0.991s] -- Installing: /work/moveit_ws/install/so101_description/share/so101_description/meshes/wrist_roll_pitch_so101_v2.stl
[0.994s] -- Installing: /work/moveit_ws/install/so101_description/share/so101_description/meshes/base_so101_v2.stl
[0.994s] -- Installing: /work/moveit_ws/install/so101_description/share/ament_index/resource_index/package_run_dependencies/so101_description
[0.994s] -- Installing: /work/moveit_ws/install/so101_description/share/ament_index/resource_index/parent_prefix_path/so101_description
[0.995s] -- Installing: /work/moveit_ws/install/so101_description/share/so101_description/environment/ament_prefix_path.sh
[0.995s] -- Installing: /work/moveit_ws/install/so101_description/share/so101_description/environment/ament_prefix_path.dsv
[0.995s] -- Installing: /work/moveit_ws/install/so101_description/share/so101_description/environment/path.sh
[0.995s] -- Installing: /work/moveit_ws/install/so101_description/share/so101_description/environment/path.dsv
[0.995s] -- Installing: /work/moveit_ws/install/so101_description/share/so101_description/local_setup.bash
[0.996s] -- Installing: /work/moveit_ws/install/so101_description/share/so101_description/local_setup.sh
[0.996s] -- Installing: /work/moveit_ws/install/so101_description/share/so101_description/local_setup.zsh
[0.996s] -- Installing: /work/moveit_ws/install/so101_description/share/so101_description/local_setup.dsv
[0.996s] -- Installing: /work/moveit_ws/install/so101_description/share/so101_description/package.dsv
[0.996s] -- Installing: /work/moveit_ws/install/so101_description/share/ament_index/resource_index/packages/so101_description
[0.996s] -- Installing: /work/moveit_ws/install/so101_description/share/so101_description/cmake/so101_descriptionConfig.cmake
[0.997s] -- Installing: /work/moveit_ws/install/so101_description/share/so101_description/cmake/so101_descriptionConfig-version.cmake
[0.997s] -- Installing: /work/moveit_ws/install/so101_description/share/so101_description/package.xml
[0.998s] Invoked command in '/work/moveit_ws/build/so101_description' returned '0': CMAKE_PREFIX_PATH=${CMAKE_PREFIX_PATH}:/opt/ros/jazzy /usr/bin/cmake --install /work/moveit_ws/build/so101_description
